dbus-daemon[3]: [session uid=1000 pid=3 pidfd=5] Activating service name='org.freedesktop.portal.Desktop' requested by ':1.0' (uid=1000 pid=4 comm="target/gui-check/debug/foxplugs-editor-check targe")
dbus-daemon[3]: [session uid=1000 pid=3 pidfd=5] Activating service name='org.freedesktop.impl.portal.PermissionStore' requested by ':1.1' (uid=1000 pid=111 comm="/usr/lib/xdg-desktop-portal")
dbus-daemon[3]: [session uid=1000 pid=3 pidfd=5] Successfully activated service 'org.freedesktop.impl.portal.PermissionStore'
dbus-daemon[3]: [session uid=1000 pid=3 pidfd=5] Activating service name='org.freedesktop.portal.Documents' requested by ':1.1' (uid=1000 pid=111 comm="/usr/lib/xdg-desktop-portal")
dbus-daemon[3]: [session uid=1000 pid=3 pidfd=5] Successfully activated service 'org.freedesktop.portal.Documents'
fuse: device /dev/fuse not found. Kernel module not loaded?
error: fuse init failed: Can't mount path /home/foxfire/.runtime/doc

(/usr/lib/xdg-desktop-portal:111): xdg-desktop-portal-WARNING **: 11:13:42.467: Document portal fuse mount point unknown: GDBus.Error:org.freedesktop.DBus.Error.ServiceUnknown: The name :1.3 was not provided by any .service files
dbus-daemon[3]: [session uid=1000 pid=3 pidfd=5] Activating service name='org.freedesktop.impl.portal.desktop.gtk' requested by ':1.1' (uid=1000 pid=111 comm="/usr/lib/xdg-desktop-portal")
dbus-daemon[3]: [session uid=1000 pid=3 pidfd=5] Activating service name='org.gtk.vfs.Daemon' requested by ':1.4' (uid=1000 pid=130 comm="/usr/lib/xdg-desktop-portal-gtk")
dbus-daemon[3]: [session uid=1000 pid=3 pidfd=5] Successfully activated service 'org.gtk.vfs.Daemon'
dbus-daemon[3]: [session uid=1000 pid=3 pidfd=5] Successfully activated service 'org.freedesktop.impl.portal.desktop.gtk'

** (xdg-desktop-portal-gtk:130): WARNING **: 11:13:42.497: AT-SPI: Could not obtain desktop path or name

fuse: device /dev/fuse not found. Kernel module not loaded?

** (xdg-desktop-portal-gtk:130): WARNING **: 11:13:42.499: atk-bridge: GetRegisteredEvents returned message with unknown signature

** (xdg-desktop-portal-gtk:130): WARNING **: 11:13:42.499: atk-bridge: get_device_events_reply: unknown signature

(/usr/lib/xdg-desktop-portal:111): xdg-desktop-portal-WARNING **: 11:13:42.507: Failed to connect to PipeWire: Couldn't connect to PipeWire
dbus-daemon[3]: [session uid=1000 pid=3 pidfd=5] Successfully activated service 'org.freedesktop.portal.Desktop'
completed: open 0
completed: close 0
completed: open 1
completed: open 0
snapshot recall: 2 instances
completed: snapshot recall
completed: close 0
completed: close 1
completed: open 0
completed: open 1
snapshot final: 2 instances
clean_retirement retained=0
completed: quit
host_event_loop_returned=true
A connection to the bus can't be made
